<?xml version="1.0" encoding="UTF-8"?>
<TestRun id="bfbd0284-b7e6-472f-9893-9846a56f7cfa" name="G90082C@DST12125 2012-12-10 16:38:27" runUser="MUD\G90082C" xmlns="http://microsoft.com/schemas/VisualStudio/TeamTest/2010">
  <TestSettings name="Local" id="490a6f71-a5df-42cc-94ef-7e57d170fb83">
    <Description>These are default test settings for a local test run.</Description>
    <Deployment enabled="false" runDeploymentRoot="G90082C_DST12125 2012-12-10 16_38_27">
      <DeploymentItem filename="d:\users\g90082c\documents\visual studio 2010\Projects\GOF\Patterns\bin\Debug\Patterns.dll" />
    </Deployment>
    <Execution>
      <TestTypeSpecific />
      <AgentRule name="Execution Agents">
      </AgentRule>
    </Execution>
  </TestSettings>
  <Times creation="2012-12-10T16:38:27.1967683+02:00" queuing="2012-12-10T16:38:27.7388225+02:00" start="2012-12-10T16:38:27.8078294+02:00" finish="2012-12-10T16:38:27.9808467+02:00" />
  <ResultSummary outcome="Completed">
    <Counters total="1" executed="1" passed="1" error="0" failed="0" timeout="0" aborted="0" inconclusive="0" passedButRunAborted="0" notRunnable="0" notExecuted="0" disconnected="0" warning="0" completed="0" inProgress="0" pending="0" />
  </ResultSummary>
  <TestDefinitions>
    <UnitTest name="TestMethod1" storage="d:\users\g90082c\documents\visual studio 2010\projects\gof\patterns.tests\bin\debug\patterns.tests.dll" id="7677aac1-97aa-378d-015f-7665598b2b36">
      <Execution id="8bb8b980-3e89-4bcd-b9b8-5e8158611e95" />
      <TestMethod codeBase="d:/users/g90082c/documents/visual studio 2010/Projects/GOF/Patterns.Tests/bin/Debug/Patterns.Tests.DLL" adapterTypeName="Microsoft.VisualStudio.TestTools.TestTypes.Unit.UnitTestAdapter, Microsoft.VisualStudio.QualityTools.Tips.UnitTest.Adapter, Version=10.0.0.0, Culture=neutral, PublicKeyToken=b03f5f7f11d50a3a" className="Patterns.Tests.Behavioural.ChainOfResponsibility, Patterns.Tests, Version=1.0.0.0, Culture=neutral, PublicKeyToken=null" name="TestMethod1" />
    </UnitTest>
  </TestDefinitions>
  <TestLists>
    <TestList name="Results Not in a List" id="8c84fa94-04c1-424b-9868-57a2d4851a1d" />
    <TestList name="All Loaded Results" id="19431567-8539-422a-85d7-44ee4e166bda" />
  </TestLists>
  <TestEntries>
    <TestEntry testId="7677aac1-97aa-378d-015f-7665598b2b36" executionId="8bb8b980-3e89-4bcd-b9b8-5e8158611e95" testListId="8c84fa94-04c1-424b-9868-57a2d4851a1d" />
  </TestEntries>
  <Results>
    <UnitTestResult executionId="8bb8b980-3e89-4bcd-b9b8-5e8158611e95" testId="7677aac1-97aa-378d-015f-7665598b2b36" testName="TestMethod1" computerName="DST12125" duration="00:00:00.0108132" startTime="2012-12-10T16:38:27.8148301+02:00" endTime="2012-12-10T16:38:27.9658452+02:00" testType="13cdc9d9-ddb5-4fa4-a97d-d965ccfc6d4b" outcome="Passed" testListId="8c84fa94-04c1-424b-9868-57a2d4851a1d" relativeResultsDirectory="8bb8b980-3e89-4bcd-b9b8-5e8158611e95">
      <Output>
        <DebugTrace>Captured 10p
Captured 50p
</DebugTrace>
      </Output>
    </UnitTestResult>
  </Results>
</TestRun>